Warning: m=xx on .subckt line will override multiplier m hierarchy!

Note: Starting dynamic gmin stepping
Note: Dynamic gmin stepping completed
Note: Starting dynamic gmin stepping
Note: Dynamic gmin stepping completed

Note: Compatibility modes selected: hs a


Circuit: * sg13g2-opamp -- large-signal step (slew-rate) bench, design/opamp_core.sch (issue #12)

Doing analysis at TEMP = -40.000000 and TNOM = 27.000000

Using SPARSE 1.3 as Direct Linear Solver
Warning: Interpolated raw file data!


No. of Data Rows : 1
OP_VOUT 0.647645
OP_VD1 0.738431
OP_VD2 0.555922
OP_VTAIL 0.176119
OP_VIBIAS 0.416365
OP_IVDD 0.000118823
Doing analysis at TEMP = -40.000000 and TNOM = 27.000000

Using SPARSE 1.3 as Direct Linear Solver
Warning: Interpolated raw file data!


Initial Transient Solution
--------------------------

Node                                   Voltage
----                                   -------
d1                                    0.738431
inn                                   0.647645
tail                                  0.176119
vss                                          0
d2                                    0.555922
inp                                       0.66
vdd                                       1.32
ibias                                 0.416365
out                                   0.647645
xcc.1                                 0.647645
nstep                                        0
lbreak#branch                     -8.81663e-14
vstepn#branch                                0
vinp#branch                       -1.15349e-13
vss#branch                         0.000118823
vdd#branch                        -0.000118823

 Reference value :  3.50300e-08 Reference value :  2.30825e-07 Reference value :  4.39375e-07 Reference value :  6.48875e-07
No. of Data Rows : 801
TR_VINN_MAX 0.947645
TR_VINN_MIN 0.347645
TR_VOUT_MAX 1.23206
TR_VOUT_MIN -0.00698947
Note: Simulation executed from .control section 
