Warning: m=xx on .subckt line will override multiplier m hierarchy!

Note: Starting dynamic gmin stepping
Note: Dynamic gmin stepping completed
Note: Starting dynamic gmin stepping
Note: Dynamic gmin stepping completed

Note: Compatibility modes selected: hs a


Circuit: * sg13g2-opamp -- large-signal step (slew-rate) bench, design/opamp_core.sch (issue #12)

Doing analysis at TEMP = 27.000000 and TNOM = 27.000000

Using SPARSE 1.3 as Direct Linear Solver
Warning: Interpolated raw file data!


No. of Data Rows : 1
OP_VOUT 0.521838
OP_VD1 0.502861
OP_VD2 0.277473
OP_VTAIL 0.0580756
OP_VIBIAS 0.438845
OP_IVDD 0.000105395
Doing analysis at TEMP = 27.000000 and TNOM = 27.000000

Using SPARSE 1.3 as Direct Linear Solver
Warning: Interpolated raw file data!


Initial Transient Solution
--------------------------

Node                                   Voltage
----                                   -------
d1                                    0.502861
inn                                   0.521838
tail                                 0.0580756
vss                                          0
d2                                    0.277473
inp                                       0.54
vdd                                       1.08
ibias                                 0.438845
out                                   0.521838
xcc.1                                 0.521838
nstep                                        0
lbreak#branch                      -2.5411e-14
vstepn#branch                                0
vinp#branch                       -3.70948e-14
vss#branch                         0.000105395
vdd#branch                        -0.000105395

 Reference value :  3.90800e-08 Reference value :  2.35275e-07 Reference value :  4.35975e-07 Reference value :  6.44675e-07
No. of Data Rows : 801
TR_VINN_MAX 0.821838
TR_VINN_MIN 0.221838
TR_VOUT_MAX 0.974214
TR_VOUT_MIN -0.00779125
Note: Simulation executed from .control section 
