Warning: m=xx on .subckt line will override multiplier m hierarchy!

Note: Starting dynamic gmin stepping
Note: Dynamic gmin stepping completed
Note: Starting dynamic gmin stepping
Note: Dynamic gmin stepping completed

Note: Compatibility modes selected: hs a


Circuit: * sg13g2-opamp -- large-signal step (slew-rate) bench, design/opamp_core.sch (issue #12)

Doing analysis at TEMP = 27.000000 and TNOM = 27.000000

Using SPARSE 1.3 as Direct Linear Solver
Warning: Interpolated raw file data!


No. of Data Rows : 1
OP_VOUT 0.585237
OP_VD1 0.671846
OP_VD2 0.501444
OP_VTAIL 0.204243
OP_VIBIAS 0.341318
OP_IVDD 0.000109456
Doing analysis at TEMP = 27.000000 and TNOM = 27.000000

Using SPARSE 1.3 as Direct Linear Solver
Warning: Interpolated raw file data!


Initial Transient Solution
--------------------------

Node                                   Voltage
----                                   -------
d1                                    0.671846
inn                                   0.585237
tail                                  0.204243
vss                                          0
d2                                    0.501444
inp                                        0.6
vdd                                        1.2
ibias                                 0.341318
out                                   0.585237
xcc.1                                 0.585237
nstep                                        0
lbreak#branch                     -2.43721e-13
vstepn#branch                                0
vinp#branch                       -3.37593e-13
vss#branch                         0.000109456
vdd#branch                        -0.000109456

 Reference value :  4.41800e-08 Reference value :  2.36275e-07 Reference value :  4.36325e-07 Reference value :  6.42275e-07
No. of Data Rows : 801
TR_VINN_MAX 0.885237
TR_VINN_MIN 0.285237
TR_VOUT_MAX 1.13133
TR_VOUT_MIN -0.00899563
Note: Simulation executed from .control section 
