Warning: m=xx on .subckt line will override multiplier m hierarchy!

Note: Starting dynamic gmin stepping
Note: Dynamic gmin stepping completed
Note: Starting dynamic gmin stepping
Note: Dynamic gmin stepping completed

Note: Compatibility modes selected: hs a


Circuit: * sg13g2-opamp -- large-signal step (slew-rate) bench, design/opamp_core.sch (issue #12)

Doing analysis at TEMP = 27.000000 and TNOM = 27.000000

Using SPARSE 1.3 as Direct Linear Solver
Warning: Interpolated raw file data!


No. of Data Rows : 1
OP_VOUT 0.645751
OP_VD1 0.741299
OP_VD2 0.562809
OP_VTAIL 0.212433
OP_VIBIAS 0.38896
OP_IVDD 0.000112406
Doing analysis at TEMP = 27.000000 and TNOM = 27.000000

Using SPARSE 1.3 as Direct Linear Solver
Warning: Interpolated raw file data!


Initial Transient Solution
--------------------------

Node                                   Voltage
----                                   -------
d1                                    0.741299
inn                                   0.645751
tail                                  0.212433
vss                                          0
d2                                    0.562809
inp                                       0.66
vdd                                       1.32
ibias                                  0.38896
out                                   0.645751
xcc.1                                 0.645751
nstep                                        0
lbreak#branch                     -8.60116e-14
vstepn#branch                                0
vinp#branch                       -1.14913e-13
vss#branch                         0.000112406
vdd#branch                        -0.000112406

 Reference value :  4.36800e-08 Reference value :  2.41825e-07 Reference value :  4.56875e-07 Reference value :  6.72525e-07
No. of Data Rows : 801
TR_VINN_MAX 0.945751
TR_VINN_MIN 0.345751
TR_VOUT_MAX 1.23384
TR_VOUT_MIN -0.00883541
Note: Simulation executed from .control section 
