Warning: m=xx on .subckt line will override multiplier m hierarchy!


Note: Compatibility modes selected: hs a


Circuit: * sg13g2-opamp -- large-signal step (slew-rate) bench, design/opamp_core.sch (issue #12)

Doing analysis at TEMP = 27.000000 and TNOM = 27.000000

Using SPARSE 1.3 as Direct Linear Solver
Warning: Interpolated raw file data!


No. of Data Rows : 1
OP_VOUT 0.522254
OP_VD1 0.487711
OP_VD2 0.305177
OP_VTAIL 0.119684
OP_VIBIAS 0.365141
OP_IVDD 0.000106512
Doing analysis at TEMP = 27.000000 and TNOM = 27.000000

Using SPARSE 1.3 as Direct Linear Solver
Warning: Interpolated raw file data!


Initial Transient Solution
--------------------------

Node                                   Voltage
----                                   -------
d1                                    0.487711
inn                                   0.522254
tail                                  0.119684
vss                                          0
d2                                    0.305177
inp                                       0.54
vdd                                       1.08
ibias                                 0.365141
out                                   0.522254
xcc.1                                 0.522254
nstep                                        0
lbreak#branch                     -1.55363e-13
vstepn#branch                                0
vinp#branch                       -2.24031e-13
vss#branch                         0.000106512
vdd#branch                        -0.000106512

 Reference value :  4.83300e-08 Reference value :  2.35925e-07 Reference value :  4.26825e-07 Reference value :  6.27825e-07
No. of Data Rows : 801
TR_VINN_MAX 0.822254
TR_VINN_MIN 0.222254
TR_VOUT_MAX 0.995965
TR_VOUT_MIN -0.00850326
Note: Simulation executed from .control section 
