Warning: m=xx on .subckt line will override multiplier m hierarchy!

Note: Starting dynamic gmin stepping
Note: Dynamic gmin stepping completed
Note: Starting dynamic gmin stepping
Note: Dynamic gmin stepping completed

Note: Compatibility modes selected: hs a


Circuit: * sg13g2-opamp -- large-signal step (slew-rate) bench, design/opamp_core.sch (issue #12)

Doing analysis at TEMP = 125.000000 and TNOM = 27.000000

Using SPARSE 1.3 as Direct Linear Solver
Warning: Interpolated raw file data!


No. of Data Rows : 1
OP_VOUT 0.521204
OP_VD1 0.582242
OP_VD2 0.41882
OP_VTAIL 0.206157
OP_VIBIAS 0.297521
OP_IVDD 0.000101293
Doing analysis at TEMP = 125.000000 and TNOM = 27.000000

Using SPARSE 1.3 as Direct Linear Solver
Warning: Interpolated raw file data!


Initial Transient Solution
--------------------------

Node                                   Voltage
----                                   -------
d1                                    0.582242
inn                                   0.521204
tail                                  0.206157
vss                                          0
d2                                     0.41882
inp                                       0.54
vdd                                       1.08
ibias                                 0.297521
out                                   0.521204
xcc.1                                 0.521204
nstep                                        0
lbreak#branch                     -2.85541e-13
vstepn#branch                                0
vinp#branch                       -4.31856e-13
vss#branch                         0.000101293
vdd#branch                        -0.000101293

 Reference value :  5.00150e-08 Reference value :  2.49225e-07 Reference value :  4.51425e-07 Reference value :  6.64625e-07
No. of Data Rows : 801
TR_VINN_MAX 0.821204
TR_VINN_MIN 0.221204
TR_VOUT_MAX 1.00482
TR_VOUT_MIN -0.0118347
Note: Simulation executed from .control section 
