Warning: m=xx on .subckt line will override multiplier m hierarchy!

Note: Starting dynamic gmin stepping
Note: Dynamic gmin stepping completed
Note: Starting dynamic gmin stepping
Note: Dynamic gmin stepping completed

Note: Compatibility modes selected: hs a


Circuit: * sg13g2-opamp -- large-signal step (slew-rate) bench, design/opamp_core.sch (issue #12)

Doing analysis at TEMP = 27.000000 and TNOM = 27.000000

Using SPARSE 1.3 as Direct Linear Solver
Warning: Interpolated raw file data!


No. of Data Rows : 1
OP_VOUT 0.645039
OP_VD1 0.712555
OP_VD2 0.538471
OP_VTAIL 0.233128
OP_VIBIAS 0.365141
OP_IVDD 0.000112177
Doing analysis at TEMP = 27.000000 and TNOM = 27.000000

Using SPARSE 1.3 as Direct Linear Solver
Warning: Interpolated raw file data!


Initial Transient Solution
--------------------------

Node                                   Voltage
----                                   -------
d1                                    0.712555
inn                                   0.645039
tail                                  0.233128
vss                                          0
d2                                    0.538471
inp                                       0.66
vdd                                       1.32
ibias                                 0.365141
out                                   0.645039
xcc.1                                 0.645039
nstep                                        0
lbreak#branch                     -1.55604e-13
vstepn#branch                                0
vinp#branch                       -2.09234e-13
vss#branch                         0.000112177
vdd#branch                        -0.000112177

 Reference value :  5.00150e-08 Reference value :  2.49975e-07 Reference value :  4.55525e-07 Reference value :  6.66225e-07
No. of Data Rows : 801
TR_VINN_MAX 0.945039
TR_VINN_MIN 0.345039
TR_VOUT_MAX 1.2375
TR_VOUT_MIN -0.00906155
Note: Simulation executed from .control section 
