Warning: m=xx on .subckt line will override multiplier m hierarchy!

Note: Starting dynamic gmin stepping
Note: Dynamic gmin stepping completed
Note: Starting dynamic gmin stepping
Note: Dynamic gmin stepping completed

Note: Compatibility modes selected: hs a


Circuit: * sg13g2-opamp -- large-signal step (slew-rate) bench, design/opamp_core.sch (issue #12)

Doing analysis at TEMP = 27.000000 and TNOM = 27.000000

Using SPARSE 1.3 as Direct Linear Solver
Warning: Interpolated raw file data!


No. of Data Rows : 1
OP_VOUT 0.584796
OP_VD1 0.592136
OP_VD2 0.393926
OP_VTAIL 0.1066
OP_VIBIAS 0.438845
OP_IVDD 0.000109687
Doing analysis at TEMP = 27.000000 and TNOM = 27.000000

Using SPARSE 1.3 as Direct Linear Solver
Warning: Interpolated raw file data!


Initial Transient Solution
--------------------------

Node                                   Voltage
----                                   -------
d1                                    0.592136
inn                                   0.584796
tail                                    0.1066
vss                                          0
d2                                    0.393926
inp                                        0.6
vdd                                        1.2
ibias                                 0.438845
out                                   0.584796
xcc.1                                 0.584796
nstep                                        0
lbreak#branch                     -3.06901e-14
vstepn#branch                                0
vinp#branch                       -4.13125e-14
vss#branch                         0.000109687
vdd#branch                        -0.000109687

 Reference value :  4.45300e-08 Reference value :  2.44225e-07 Reference value :  4.54025e-07 Reference value :  6.72175e-07
No. of Data Rows : 801
TR_VINN_MAX 0.884796
TR_VINN_MIN 0.284796
TR_VOUT_MAX 1.09321
TR_VOUT_MIN -0.00808377
Note: Simulation executed from .control section 
