Warning: m=xx on .subckt line will override multiplier m hierarchy!

Note: Starting dynamic gmin stepping
Note: Dynamic gmin stepping completed
Note: Starting dynamic gmin stepping
Note: Dynamic gmin stepping completed

Note: Compatibility modes selected: hs a


Circuit: * sg13g2-opamp -- large-signal step (slew-rate) bench, design/opamp_core.sch (issue #12)

Doing analysis at TEMP = 125.000000 and TNOM = 27.000000

Using SPARSE 1.3 as Direct Linear Solver
Warning: Interpolated raw file data!


No. of Data Rows : 1
OP_VOUT 0.581823
OP_VD1 0.649466
OP_VD2 0.478411
OP_VTAIL 0.214627
OP_VIBIAS 0.345256
OP_IVDD 0.00010336
Doing analysis at TEMP = 125.000000 and TNOM = 27.000000

Using SPARSE 1.3 as Direct Linear Solver
Warning: Interpolated raw file data!


Initial Transient Solution
--------------------------

Node                                   Voltage
----                                   -------
d1                                    0.649466
inn                                   0.581823
tail                                  0.214627
vss                                          0
d2                                    0.478411
inp                                        0.6
vdd                                        1.2
ibias                                 0.345256
out                                   0.581823
xcc.1                                 0.581823
nstep                                        0
lbreak#branch                     -9.28386e-14
vstepn#branch                                0
vinp#branch                       -1.31453e-13
vss#branch                          0.00010336
vdd#branch                         -0.00010336

 Reference value :  4.33800e-08 Reference value :  2.39875e-07 Reference value :  4.38275e-07 Reference value :  6.41375e-07
No. of Data Rows : 801
TR_VINN_MAX 0.881823
TR_VINN_MIN 0.281823
TR_VOUT_MAX 1.11879
TR_VOUT_MIN -0.0117447
Note: Simulation executed from .control section 
