Warning: m=xx on .subckt line will override multiplier m hierarchy!

Note: Starting dynamic gmin stepping
Note: Dynamic gmin stepping completed
Note: Starting dynamic gmin stepping
Note: Dynamic gmin stepping completed

Note: Compatibility modes selected: hs a


Circuit: * sg13g2-opamp -- large-signal step (slew-rate) bench, design/opamp_core.sch (issue #12)

Doing analysis at TEMP = 27.000000 and TNOM = 27.000000

Using SPARSE 1.3 as Direct Linear Solver
Warning: Interpolated raw file data!


No. of Data Rows : 1
OP_VOUT 0.585747
OP_VD1 0.659714
OP_VD2 0.472096
OP_VTAIL 0.134175
OP_VIBIAS 0.41388
OP_IVDD 0.000109837
Doing analysis at TEMP = 27.000000 and TNOM = 27.000000

Using SPARSE 1.3 as Direct Linear Solver
Warning: Interpolated raw file data!


Initial Transient Solution
--------------------------

Node                                   Voltage
----                                   -------
d1                                    0.659714
inn                                   0.585747
tail                                  0.134175
vss                                          0
d2                                    0.472096
inp                                        0.6
vdd                                        1.2
ibias                                  0.41388
out                                   0.585747
xcc.1                                 0.585747
nstep                                        0
lbreak#branch                     -4.86499e-14
vstepn#branch                                0
vinp#branch                       -6.43465e-14
vss#branch                         0.000109837
vdd#branch                        -0.000109837

 Reference value :  4.48800e-08 Reference value :  2.39425e-07 Reference value :  4.39325e-07 Reference value :  6.49325e-07
No. of Data Rows : 801
TR_VINN_MAX 0.885747
TR_VINN_MIN 0.285747
TR_VOUT_MAX 1.11451
TR_VOUT_MIN -0.00831077
Note: Simulation executed from .control section 
