Warning: m=xx on .subckt line will override multiplier m hierarchy!

Note: Starting dynamic gmin stepping
Note: Dynamic gmin stepping completed
Note: Starting dynamic gmin stepping
Note: Dynamic gmin stepping completed

Note: Compatibility modes selected: hs a


Circuit: * sg13g2-opamp -- large-signal step (slew-rate) bench, design/opamp_core.sch (issue #12)

Doing analysis at TEMP = 125.000000 and TNOM = 27.000000

Using SPARSE 1.3 as Direct Linear Solver
Warning: Interpolated raw file data!


No. of Data Rows : 1
OP_VOUT 0.644187
OP_VD1 0.810513
OP_VD2 0.652241
OP_VTAIL 0.321914
OP_VIBIAS 0.297521
OP_IVDD 0.000105824
Doing analysis at TEMP = 125.000000 and TNOM = 27.000000

Using SPARSE 1.3 as Direct Linear Solver
Warning: Interpolated raw file data!


Initial Transient Solution
--------------------------

Node                                   Voltage
----                                   -------
d1                                    0.810513
inn                                   0.644187
tail                                  0.321914
vss                                          0
d2                                    0.652241
inp                                       0.66
vdd                                       1.32
ibias                                 0.297521
out                                   0.644187
xcc.1                                 0.644187
nstep                                        0
lbreak#branch                     -1.82401e-13
vstepn#branch                                0
vinp#branch                       -3.84954e-13
vss#branch                         0.000105824
vdd#branch                        -0.000105824

 Reference value :  4.44300e-08 Reference value :  2.36325e-07 Reference value :  4.33575e-07 Reference value :  6.36925e-07
No. of Data Rows : 801
TR_VINN_MAX 0.944187
TR_VINN_MIN 0.344187
TR_VOUT_MAX 1.24923
TR_VOUT_MIN -0.0124387
Note: Simulation executed from .control section 
