Warning: m=xx on .subckt line will override multiplier m hierarchy!

Note: Starting dynamic gmin stepping
Note: Dynamic gmin stepping completed
Note: Starting dynamic gmin stepping
Note: Dynamic gmin stepping completed

Note: Compatibility modes selected: hs a


Circuit: * sg13g2-opamp -- large-signal step (slew-rate) bench, design/opamp_core.sch (issue #12)

Doing analysis at TEMP = 125.000000 and TNOM = 27.000000

Using SPARSE 1.3 as Direct Linear Solver
Warning: Interpolated raw file data!


No. of Data Rows : 1
OP_VOUT 0.58084
OP_VD1 0.618813
OP_VD2 0.452113
OP_VTAIL 0.234003
OP_VIBIAS 0.321384
OP_IVDD 0.000103412
Doing analysis at TEMP = 125.000000 and TNOM = 27.000000

Using SPARSE 1.3 as Direct Linear Solver
Warning: Interpolated raw file data!


Initial Transient Solution
--------------------------

Node                                   Voltage
----                                   -------
d1                                    0.618813
inn                                    0.58084
tail                                  0.234003
vss                                          0
d2                                    0.452113
inp                                        0.6
vdd                                        1.2
ibias                                 0.321384
out                                    0.58084
xcc.1                                  0.58084
nstep                                        0
lbreak#branch                     -1.78755e-13
vstepn#branch                                0
vinp#branch                       -2.57584e-13
vss#branch                         0.000103412
vdd#branch                        -0.000103412

 Reference value :  5.03250e-08 Reference value :  2.48025e-07 Reference value :  4.52425e-07 Reference value :  6.64375e-07
No. of Data Rows : 801
TR_VINN_MAX 0.88084
TR_VINN_MIN 0.28084
TR_VOUT_MAX 1.11822
TR_VOUT_MIN -0.0120008
Note: Simulation executed from .control section 
