Warning: m=xx on .subckt line will override multiplier m hierarchy!

Note: Starting dynamic gmin stepping
Note: Dynamic gmin stepping completed
Note: Starting dynamic gmin stepping
Note: Dynamic gmin stepping completed

Note: Compatibility modes selected: hs a


Circuit: * sg13g2-opamp -- large-signal step (slew-rate) bench, design/opamp_core.sch (issue #12)

Doing analysis at TEMP = -40.000000 and TNOM = 27.000000

Using SPARSE 1.3 as Direct Linear Solver
Warning: Interpolated raw file data!


No. of Data Rows : 1
OP_VOUT 0.648044
OP_VD1 0.78222
OP_VD2 0.60983
OP_VTAIL 0.224565
OP_VIBIAS 0.368739
OP_IVDD 0.000118012
Doing analysis at TEMP = -40.000000 and TNOM = 27.000000

Using SPARSE 1.3 as Direct Linear Solver
Warning: Interpolated raw file data!


Initial Transient Solution
--------------------------

Node                                   Voltage
----                                   -------
d1                                     0.78222
inn                                   0.648044
tail                                  0.224565
vss                                          0
d2                                     0.60983
inp                                       0.66
vdd                                       1.32
ibias                                 0.368739
out                                   0.648044
xcc.1                                 0.648044
nstep                                        0
lbreak#branch                      -2.1363e-13
vstepn#branch                                0
vinp#branch                       -2.89392e-13
vss#branch                         0.000118012
vdd#branch                        -0.000118012

 Reference value :  4.54300e-08 Reference value :  2.39525e-07 Reference value :  4.38775e-07 Reference value :  6.33225e-07
No. of Data Rows : 801
TR_VINN_MAX 0.948044
TR_VINN_MIN 0.348044
TR_VOUT_MAX 1.25068
TR_VOUT_MIN -0.00739644
Note: Simulation executed from .control section 
