Warning: m=xx on .subckt line will override multiplier m hierarchy!

Note: Starting dynamic gmin stepping
Note: Dynamic gmin stepping completed
Note: Starting dynamic gmin stepping
Note: Dynamic gmin stepping completed

Note: Compatibility modes selected: hs a


Circuit: * sg13g2-opamp -- large-signal step (slew-rate) bench, design/opamp_core.sch (issue #12)

Doing analysis at TEMP = 125.000000 and TNOM = 27.000000

Using SPARSE 1.3 as Direct Linear Solver
Warning: Interpolated raw file data!


No. of Data Rows : 1
OP_VOUT 0.518652
OP_VD1 0.506917
OP_VD2 0.335611
OP_VTAIL 0.176269
OP_VIBIAS 0.321384
OP_IVDD 0.000100948
Doing analysis at TEMP = 125.000000 and TNOM = 27.000000

Using SPARSE 1.3 as Direct Linear Solver
Warning: Interpolated raw file data!


Initial Transient Solution
--------------------------

Node                                   Voltage
----                                   -------
d1                                    0.506917
inn                                   0.518652
tail                                  0.176269
vss                                          0
d2                                    0.335611
inp                                       0.54
vdd                                       1.08
ibias                                 0.321384
out                                   0.518652
xcc.1                                 0.518652
nstep                                        0
lbreak#branch                     -1.82195e-13
vstepn#branch                                0
vinp#branch                       -2.76811e-13
vss#branch                         0.000100948
vdd#branch                        -0.000100948

 Reference value :  5.13250e-08 Reference value :  2.48075e-07 Reference value :  4.53775e-07 Reference value :  6.68875e-07
No. of Data Rows : 801
TR_VINN_MAX 0.818652
TR_VINN_MIN 0.218652
TR_VOUT_MAX 0.991609
TR_VOUT_MIN -0.0116804
Note: Simulation executed from .control section 
