Warning: m=xx on .subckt line will override multiplier m hierarchy!

Note: Starting dynamic gmin stepping
Note: Dynamic gmin stepping completed
Note: Starting dynamic gmin stepping
Note: Dynamic gmin stepping completed

Note: Compatibility modes selected: hs a


Circuit: * sg13g2-opamp -- large-signal step (slew-rate) bench, design/opamp_core.sch (issue #12)

Doing analysis at TEMP = -40.000000 and TNOM = 27.000000

Using SPARSE 1.3 as Direct Linear Solver
Warning: Interpolated raw file data!


No. of Data Rows : 1
OP_VOUT 0.524893
OP_VD1 0.521811
OP_VD2 0.322482
OP_VTAIL 0.0676477
OP_VIBIAS 0.416365
OP_IVDD 0.000111765
Doing analysis at TEMP = -40.000000 and TNOM = 27.000000

Using SPARSE 1.3 as Direct Linear Solver
Warning: Interpolated raw file data!


Initial Transient Solution
--------------------------

Node                                   Voltage
----                                   -------
d1                                    0.521811
inn                                   0.524893
tail                                 0.0676477
vss                                          0
d2                                    0.322482
inp                                       0.54
vdd                                       1.08
ibias                                 0.416365
out                                   0.524893
xcc.1                                 0.524893
nstep                                        0
lbreak#branch                     -7.74914e-14
vstepn#branch                                0
vinp#branch                       -1.08062e-13
vss#branch                         0.000111765
vdd#branch                        -0.000111765

 Reference value :  3.92800e-08 Reference value :  2.37975e-07 Reference value :  4.39425e-07 Reference value :  6.48525e-07
No. of Data Rows : 801
TR_VINN_MAX 0.824893
TR_VINN_MIN 0.224893
TR_VOUT_MAX 0.997402
TR_VOUT_MIN -0.00648901
Note: Simulation executed from .control section 
