Warning: m=xx on .subckt line will override multiplier m hierarchy!

Note: Starting dynamic gmin stepping
Note: Dynamic gmin stepping completed
Note: Starting dynamic gmin stepping
Note: Dynamic gmin stepping completed

Note: Compatibility modes selected: hs a


Circuit: * sg13g2-opamp -- large-signal step (slew-rate) bench, design/opamp_core.sch (issue #12)

Doing analysis at TEMP = 125.000000 and TNOM = 27.000000

Using SPARSE 1.3 as Direct Linear Solver
Warning: Interpolated raw file data!


No. of Data Rows : 1
OP_VOUT 0.581861
OP_VD1 0.609818
OP_VD2 0.42401
OP_VTAIL 0.162492
OP_VIBIAS 0.395788
OP_IVDD 0.000102937
Doing analysis at TEMP = 125.000000 and TNOM = 27.000000

Using SPARSE 1.3 as Direct Linear Solver
Warning: Interpolated raw file data!


Initial Transient Solution
--------------------------

Node                                   Voltage
----                                   -------
d1                                    0.609818
inn                                   0.581861
tail                                  0.162492
vss                                          0
d2                                     0.42401
inp                                        0.6
vdd                                        1.2
ibias                                 0.395788
out                                   0.581861
xcc.1                                 0.581861
nstep                                        0
lbreak#branch                     -3.10942e-14
vstepn#branch                                0
vinp#branch                       -4.23656e-14
vss#branch                         0.000102937
vdd#branch                        -0.000102937

 Reference value :  5.90250e-08 Reference value :  2.66575e-07 Reference value :  4.78575e-07 Reference value :  6.95975e-07
No. of Data Rows : 801
TR_VINN_MAX 0.881861
TR_VINN_MIN 0.281861
TR_VOUT_MAX 1.10225
TR_VOUT_MIN -0.0112498
Note: Simulation executed from .control section 
