Warning: m=xx on .subckt line will override multiplier m hierarchy!

Note: Starting dynamic gmin stepping
Note: Dynamic gmin stepping completed
Note: Starting dynamic gmin stepping
Note: Dynamic gmin stepping completed

Note: Compatibility modes selected: hs a


Circuit: * sg13g2-opamp -- large-signal step (slew-rate) bench, design/opamp_core.sch (issue #12)

Doing analysis at TEMP = 125.000000 and TNOM = 27.000000

Using SPARSE 1.3 as Direct Linear Solver
Warning: Interpolated raw file data!


No. of Data Rows : 1
OP_VOUT 0.582813
OP_VD1 0.695818
OP_VD2 0.535444
OP_VTAIL 0.26389
OP_VIBIAS 0.297521
OP_IVDD 0.00010364
Doing analysis at TEMP = 125.000000 and TNOM = 27.000000

Using SPARSE 1.3 as Direct Linear Solver
Warning: Interpolated raw file data!


Initial Transient Solution
--------------------------

Node                                   Voltage
----                                   -------
d1                                    0.695818
inn                                   0.582813
tail                                   0.26389
vss                                          0
d2                                    0.535444
inp                                        0.6
vdd                                        1.2
ibias                                 0.297521
out                                   0.582813
xcc.1                                 0.582813
nstep                                        0
lbreak#branch                     -2.48559e-13
vstepn#branch                                0
vinp#branch                       -4.05979e-13
vss#branch                          0.00010364
vdd#branch                         -0.00010364

 Reference value :  4.79800e-08 Reference value :  2.42175e-07 Reference value :  4.44475e-07 Reference value :  6.55625e-07
No. of Data Rows : 801
TR_VINN_MAX 0.882813
TR_VINN_MIN 0.282813
TR_VOUT_MAX 1.12936
TR_VOUT_MIN -0.0121438
Note: Simulation executed from .control section 
