Warning: m=xx on .subckt line will override multiplier m hierarchy!

Note: Starting dynamic gmin stepping
Note: Dynamic gmin stepping completed
Note: Starting dynamic gmin stepping
Note: Dynamic gmin stepping completed

Note: Compatibility modes selected: hs a


Circuit: * sg13g2-opamp -- large-signal step (slew-rate) bench, design/opamp_core.sch (issue #12)

Doing analysis at TEMP = 125.000000 and TNOM = 27.000000

Using SPARSE 1.3 as Direct Linear Solver
Warning: Interpolated raw file data!


No. of Data Rows : 1
OP_VOUT 0.64469
OP_VD1 0.795566
OP_VD2 0.622849
OP_VTAIL 0.249961
OP_VIBIAS 0.370492
OP_IVDD 0.000105543
Doing analysis at TEMP = 125.000000 and TNOM = 27.000000

Using SPARSE 1.3 as Direct Linear Solver
Warning: Interpolated raw file data!


Initial Transient Solution
--------------------------

Node                                   Voltage
----                                   -------
d1                                    0.795566
inn                                    0.64469
tail                                  0.249961
vss                                          0
d2                                    0.622849
inp                                       0.66
vdd                                       1.32
ibias                                 0.370492
out                                    0.64469
xcc.1                                  0.64469
nstep                                        0
lbreak#branch                     -4.41405e-14
vstepn#branch                                0
vinp#branch                       -6.66107e-14
vss#branch                         0.000105543
vdd#branch                        -0.000105543

 Reference value :  9.13250e-08 Reference value :  3.37675e-07 Reference value :  6.01625e-07
No. of Data Rows : 801
TR_VINN_MAX 0.94469
TR_VINN_MIN 0.34469
TR_VOUT_MAX 1.23584
TR_VOUT_MIN -0.0117649
Note: Simulation executed from .control section 
