Warning: m=xx on .subckt line will override multiplier m hierarchy!

Note: Starting dynamic gmin stepping
Note: Dynamic gmin stepping completed
Note: Starting dynamic gmin stepping
Note: Dynamic gmin stepping completed

Note: Compatibility modes selected: hs a


Circuit: * sg13g2-opamp -- large-signal step (slew-rate) bench, design/opamp_core.sch (issue #12)

Doing analysis at TEMP = -40.000000 and TNOM = 27.000000

Using SPARSE 1.3 as Direct Linear Solver
Warning: Interpolated raw file data!


No. of Data Rows : 1
OP_VOUT 0.587706
OP_VD1 0.656243
OP_VD2 0.463879
OP_VTAIL 0.0994322
OP_VIBIAS 0.440982
OP_IVDD 0.000116085
Doing analysis at TEMP = -40.000000 and TNOM = 27.000000

Using SPARSE 1.3 as Direct Linear Solver
Warning: Interpolated raw file data!


Initial Transient Solution
--------------------------

Node                                   Voltage
----                                   -------
d1                                    0.656243
inn                                   0.587706
tail                                 0.0994322
vss                                          0
d2                                    0.463879
inp                                        0.6
vdd                                        1.2
ibias                                 0.440982
out                                   0.587706
xcc.1                                 0.587706
nstep                                        0
lbreak#branch                     -5.27271e-14
vstepn#branch                                0
vinp#branch                       -6.90236e-14
vss#branch                         0.000116085
vdd#branch                        -0.000116085

 Reference value :  4.12300e-08 Reference value :  2.44375e-07 Reference value :  4.50375e-07 Reference value :  6.60825e-07
No. of Data Rows : 801
TR_VINN_MAX 0.887706
TR_VINN_MIN 0.287706
TR_VOUT_MAX 1.11125
TR_VOUT_MIN -0.0065225
Note: Simulation executed from .control section 
