Warning: m=xx on .subckt line will override multiplier m hierarchy!

Note: Starting dynamic gmin stepping
Note: Dynamic gmin stepping completed
Note: Starting dynamic gmin stepping
Note: Dynamic gmin stepping completed

Note: Compatibility modes selected: hs a


Circuit: * sg13g2-opamp -- large-signal step (slew-rate) bench, design/opamp_core.sch (issue #12)

Doing analysis at TEMP = -40.000000 and TNOM = 27.000000

Using SPARSE 1.3 as Direct Linear Solver
Warning: Interpolated raw file data!


No. of Data Rows : 1
OP_VOUT 0.648689
OP_VD1 0.768089
OP_VD2 0.580713
OP_VTAIL 0.154673
OP_VIBIAS 0.440982
OP_IVDD 0.000119295
Doing analysis at TEMP = -40.000000 and TNOM = 27.000000

Using SPARSE 1.3 as Direct Linear Solver
Warning: Interpolated raw file data!


Initial Transient Solution
--------------------------

Node                                   Voltage
----                                   -------
d1                                    0.768089
inn                                   0.648689
tail                                  0.154673
vss                                          0
d2                                    0.580713
inp                                       0.66
vdd                                       1.32
ibias                                 0.440982
out                                   0.648689
xcc.1                                 0.648689
nstep                                        0
lbreak#branch                      -5.4674e-14
vstepn#branch                                0
vinp#branch                       -7.06636e-14
vss#branch                         0.000119295
vdd#branch                        -0.000119295

 Reference value :  4.06800e-08 Reference value :  2.38825e-07 Reference value :  4.48425e-07 Reference value :  6.54825e-07
No. of Data Rows : 801
TR_VINN_MAX 0.948689
TR_VINN_MIN 0.348689
TR_VOUT_MAX 1.22586
TR_VOUT_MIN -0.00676861
Note: Simulation executed from .control section 
