Warning: m=xx on .subckt line will override multiplier m hierarchy!

Note: Starting dynamic gmin stepping
Note: Dynamic gmin stepping completed
Note: Starting dynamic gmin stepping
Note: Dynamic gmin stepping completed

Note: Compatibility modes selected: hs a


Circuit: * sg13g2-opamp -- large-signal step (slew-rate) bench, design/opamp_core.sch (issue #12)

Doing analysis at TEMP = 27.000000 and TNOM = 27.000000

Using SPARSE 1.3 as Direct Linear Solver
Warning: Interpolated raw file data!


No. of Data Rows : 1
OP_VOUT 0.646345
OP_VD1 0.786506
OP_VD2 0.61822
OP_VTAIL 0.261497
OP_VIBIAS 0.341318
OP_IVDD 0.000112079
Doing analysis at TEMP = 27.000000 and TNOM = 27.000000

Using SPARSE 1.3 as Direct Linear Solver
Warning: Interpolated raw file data!


Initial Transient Solution
--------------------------

Node                                   Voltage
----                                   -------
d1                                    0.786506
inn                                   0.646345
tail                                  0.261497
vss                                          0
d2                                     0.61822
inp                                       0.66
vdd                                       1.32
ibias                                 0.341318
out                                   0.646345
xcc.1                                 0.646345
nstep                                        0
lbreak#branch                     -2.23234e-13
vstepn#branch                                0
vinp#branch                       -3.27475e-13
vss#branch                         0.000112079
vdd#branch                        -0.000112079

 Reference value :  4.37300e-08 Reference value :  2.32925e-07 Reference value :  4.33325e-07 Reference value :  6.37975e-07
No. of Data Rows : 801
TR_VINN_MAX 0.946345
TR_VINN_MIN 0.346345
TR_VOUT_MAX 1.24953
TR_VOUT_MIN -0.00926465
Note: Simulation executed from .control section 
