Warning: m=xx on .subckt line will override multiplier m hierarchy!

Note: Starting dynamic gmin stepping
Note: Dynamic gmin stepping completed
Note: Starting dynamic gmin stepping
Note: Dynamic gmin stepping completed

Note: Compatibility modes selected: hs a


Circuit: * sg13g2-opamp -- large-signal step (slew-rate) bench, design/opamp_core.sch (issue #12)

Doing analysis at TEMP = 27.000000 and TNOM = 27.000000

Using SPARSE 1.3 as Direct Linear Solver
Warning: Interpolated raw file data!


No. of Data Rows : 1
OP_VOUT 0.646242
OP_VD1 0.701043
OP_VD2 0.510655
OP_VTAIL 0.161711
OP_VIBIAS 0.438845
OP_IVDD 0.000112698
Doing analysis at TEMP = 27.000000 and TNOM = 27.000000

Using SPARSE 1.3 as Direct Linear Solver
Warning: Interpolated raw file data!


Initial Transient Solution
--------------------------

Node                                   Voltage
----                                   -------
d1                                    0.701043
inn                                   0.646242
tail                                  0.161711
vss                                          0
d2                                    0.510655
inp                                       0.66
vdd                                       1.32
ibias                                 0.438845
out                                   0.646242
xcc.1                                 0.646242
nstep                                        0
lbreak#branch                     -3.21422e-14
vstepn#branch                                0
vinp#branch                       -4.18603e-14
vss#branch                         0.000112698
vdd#branch                        -0.000112698

 Reference value :  5.52250e-08 Reference value :  2.59025e-07 Reference value :  4.73725e-07 Reference value :  6.90375e-07
No. of Data Rows : 801
TR_VINN_MAX 0.946242
TR_VINN_MIN 0.346242
TR_VOUT_MAX 1.20741
TR_VOUT_MIN -0.00836465
Note: Simulation executed from .control section 
