Warning: m=xx on .subckt line will override multiplier m hierarchy!

Note: Starting dynamic gmin stepping
Note: Dynamic gmin stepping completed
Note: Starting dynamic gmin stepping
Note: Dynamic gmin stepping completed

Note: Compatibility modes selected: hs a


Circuit: * sg13g2-opamp -- large-signal step (slew-rate) bench, design/opamp_core.sch (issue #12)

Doing analysis at TEMP = 125.000000 and TNOM = 27.000000

Using SPARSE 1.3 as Direct Linear Solver
Warning: Interpolated raw file data!


No. of Data Rows : 1
OP_VOUT 0.519817
OP_VD1 0.539019
OP_VD2 0.361891
OP_VTAIL 0.157937
OP_VIBIAS 0.345256
OP_IVDD 0.00010081
Doing analysis at TEMP = 125.000000 and TNOM = 27.000000

Using SPARSE 1.3 as Direct Linear Solver
Warning: Interpolated raw file data!


Initial Transient Solution
--------------------------

Node                                   Voltage
----                                   -------
d1                                    0.539019
inn                                   0.519817
tail                                  0.157937
vss                                          0
d2                                    0.361891
inp                                       0.54
vdd                                       1.08
ibias                                 0.345256
out                                   0.519817
xcc.1                                 0.519817
nstep                                        0
lbreak#branch                      -9.4532e-14
vstepn#branch                                0
vinp#branch                       -1.37309e-13
vss#branch                          0.00010081
vdd#branch                         -0.00010081

 Reference value :  5.31750e-08 Reference value :  2.44425e-07 Reference value :  4.39875e-07 Reference value :  6.41925e-07
No. of Data Rows : 801
TR_VINN_MAX 0.819817
TR_VINN_MIN 0.219817
TR_VOUT_MAX 0.994601
TR_VOUT_MIN -0.0114202
Note: Simulation executed from .control section 
