Warning: m=xx on .subckt line will override multiplier m hierarchy!

Note: Starting dynamic gmin stepping
Note: Dynamic gmin stepping completed
Note: Starting dynamic gmin stepping
Note: Dynamic gmin stepping completed

Note: Compatibility modes selected: hs a


Circuit: * sg13g2-opamp -- large-signal step (slew-rate) bench, design/opamp_core.sch (issue #12)

Doing analysis at TEMP = 125.000000 and TNOM = 27.000000

Using SPARSE 1.3 as Direct Linear Solver
Warning: Interpolated raw file data!


No. of Data Rows : 1
OP_VOUT 0.583261
OP_VD1 0.682485
OP_VD2 0.506103
OP_VTAIL 0.192944
OP_VIBIAS 0.370492
OP_IVDD 0.000103255
Doing analysis at TEMP = 125.000000 and TNOM = 27.000000

Using SPARSE 1.3 as Direct Linear Solver
Warning: Interpolated raw file data!


Initial Transient Solution
--------------------------

Node                                   Voltage
----                                   -------
d1                                    0.682485
inn                                   0.583261
tail                                  0.192944
vss                                          0
d2                                    0.506103
inp                                        0.6
vdd                                        1.2
ibias                                 0.370492
out                                   0.583261
xcc.1                                 0.583261
nstep                                        0
lbreak#branch                     -4.85527e-14
vstepn#branch                                0
vinp#branch                        -6.8162e-14
vss#branch                         0.000103255
vdd#branch                        -0.000103255

 Reference value :  1.00925e-07 Reference value :  3.47375e-07 Reference value :  5.64475e-07
No. of Data Rows : 801
TR_VINN_MAX 0.883261
TR_VINN_MIN 0.283261
TR_VOUT_MAX 1.11893
TR_VOUT_MIN -0.0114528
Note: Simulation executed from .control section 
