Warning: m=xx on .subckt line will override multiplier m hierarchy!

Note: Starting dynamic gmin stepping
Note: Dynamic gmin stepping completed
Note: Starting dynamic gmin stepping
Note: Dynamic gmin stepping completed

Note: Compatibility modes selected: hs a


Circuit: * sg13g2-opamp -- large-signal step (slew-rate) bench, design/opamp_core.sch (issue #12)

Doing analysis at TEMP = 125.000000 and TNOM = 27.000000

Using SPARSE 1.3 as Direct Linear Solver
Warning: Interpolated raw file data!


No. of Data Rows : 1
OP_VOUT 0.643545
OP_VD1 0.72075
OP_VD2 0.540689
OP_VTAIL 0.219058
OP_VIBIAS 0.395788
OP_IVDD 0.000105347
Doing analysis at TEMP = 125.000000 and TNOM = 27.000000

Using SPARSE 1.3 as Direct Linear Solver
Warning: Interpolated raw file data!


Initial Transient Solution
--------------------------

Node                                   Voltage
----                                   -------
d1                                     0.72075
inn                                   0.643545
tail                                  0.219058
vss                                          0
d2                                    0.540689
inp                                       0.66
vdd                                       1.32
ibias                                 0.395788
out                                   0.643545
xcc.1                                 0.643545
nstep                                        0
lbreak#branch                     -3.10196e-14
vstepn#branch                                0
vinp#branch                       -4.14383e-14
vss#branch                         0.000105347
vdd#branch                        -0.000105347

 Reference value :  6.38750e-08 Reference value :  2.69925e-07 Reference value :  4.82025e-07 Reference value :  6.96275e-07
No. of Data Rows : 801
TR_VINN_MAX 0.943545
TR_VINN_MIN 0.343545
TR_VOUT_MAX 1.21852
TR_VOUT_MIN -0.0115707
Note: Simulation executed from .control section 
