Warning: m=xx on .subckt line will override multiplier m hierarchy!

Note: Starting dynamic gmin stepping
Note: Dynamic gmin stepping completed
Note: Starting dynamic gmin stepping
Note: Dynamic gmin stepping completed

Note: Compatibility modes selected: hs a


Circuit: * sg13g2-opamp -- large-signal step (slew-rate) bench, design/opamp_core.sch (issue #12)

Doing analysis at TEMP = -40.000000 and TNOM = 27.000000

Using SPARSE 1.3 as Direct Linear Solver
Warning: Interpolated raw file data!


No. of Data Rows : 1
OP_VOUT 0.523997
OP_VD1 0.516238
OP_VD2 0.27225
OP_VTAIL 0.0320171
OP_VIBIAS 0.465627
OP_IVDD 0.00011059
Doing analysis at TEMP = -40.000000 and TNOM = 27.000000

Using SPARSE 1.3 as Direct Linear Solver
Warning: Interpolated raw file data!


Initial Transient Solution
--------------------------

Node                                   Voltage
----                                   -------
d1                                    0.516238
inn                                   0.523997
tail                                 0.0320171
vss                                          0
d2                                     0.27225
inp                                       0.54
vdd                                       1.08
ibias                                 0.465627
out                                   0.523997
xcc.1                                 0.523997
nstep                                        0
lbreak#branch                     -2.38747e-14
vstepn#branch                                0
vinp#branch                       -3.53254e-14
vss#branch                          0.00011059
vdd#branch                         -0.00011059

 Reference value :  3.00300e-08 Reference value :  2.26625e-07 Reference value :  4.19925e-07 Reference value :  6.17375e-07
No. of Data Rows : 801
TR_VINN_MAX 0.823997
TR_VINN_MIN 0.223997
TR_VOUT_MAX 0.968815
TR_VOUT_MIN -0.00606282
Note: Simulation executed from .control section 
