Warning: m=xx on .subckt line will override multiplier m hierarchy!

Note: Starting dynamic gmin stepping
Note: Dynamic gmin stepping completed
Note: Starting dynamic gmin stepping
Note: Dynamic gmin stepping completed

Note: Compatibility modes selected: hs a


Circuit: * sg13g2-opamp -- large-signal step (slew-rate) bench, design/opamp_core.sch (issue #12)

Doing analysis at TEMP = 125.000000 and TNOM = 27.000000

Using SPARSE 1.3 as Direct Linear Solver
Warning: Interpolated raw file data!


No. of Data Rows : 1
OP_VOUT 0.642442
OP_VD1 0.732888
OP_VD2 0.568822
OP_VTAIL 0.292175
OP_VIBIAS 0.321384
OP_IVDD 0.000105639
Doing analysis at TEMP = 125.000000 and TNOM = 27.000000

Using SPARSE 1.3 as Direct Linear Solver
Warning: Interpolated raw file data!


Initial Transient Solution
--------------------------

Node                                   Voltage
----                                   -------
d1                                    0.732888
inn                                   0.642442
tail                                  0.292175
vss                                          0
d2                                    0.568822
inp                                       0.66
vdd                                       1.32
ibias                                 0.321384
out                                   0.642442
xcc.1                                 0.642442
nstep                                        0
lbreak#branch                     -1.65842e-13
vstepn#branch                                0
vinp#branch                       -2.43083e-13
vss#branch                         0.000105639
vdd#branch                        -0.000105639

 Reference value :  5.02250e-08 Reference value :  2.45475e-07 Reference value :  4.51275e-07 Reference value :  6.64575e-07
No. of Data Rows : 801
TR_VINN_MAX 0.942442
TR_VINN_MIN 0.342442
TR_VOUT_MAX 1.23814
TR_VOUT_MIN -0.0123066
Note: Simulation executed from .control section 
