Warning: m=xx on .subckt line will override multiplier m hierarchy!

Note: Starting dynamic gmin stepping
Note: Dynamic gmin stepping completed
Note: Starting dynamic gmin stepping
Note: Dynamic gmin stepping completed

Note: Compatibility modes selected: hs a


Circuit: * sg13g2-opamp -- large-signal step (slew-rate) bench, design/opamp_core.sch (issue #12)

Doing analysis at TEMP = 27.000000 and TNOM = 27.000000

Using SPARSE 1.3 as Direct Linear Solver
Warning: Interpolated raw file data!


No. of Data Rows : 1
OP_VOUT 0.523733
OP_VD1 0.557889
OP_VD2 0.35556
OP_VTAIL 0.0816465
OP_VIBIAS 0.41388
OP_IVDD 0.000106245
Doing analysis at TEMP = 27.000000 and TNOM = 27.000000

Using SPARSE 1.3 as Direct Linear Solver
Warning: Interpolated raw file data!


Initial Transient Solution
--------------------------

Node                                   Voltage
----                                   -------
d1                                    0.557889
inn                                   0.523733
tail                                 0.0816465
vss                                          0
d2                                     0.35556
inp                                       0.54
vdd                                       1.08
ibias                                  0.41388
out                                   0.523733
xcc.1                                 0.523733
nstep                                        0
lbreak#branch                     -4.46231e-14
vstepn#branch                                0
vinp#branch                       -6.13948e-14
vss#branch                         0.000106245
vdd#branch                        -0.000106245

 Reference value :  4.36300e-08 Reference value :  2.41325e-07 Reference value :  4.37075e-07 Reference value :  6.44975e-07
No. of Data Rows : 801
TR_VINN_MAX 0.823733
TR_VINN_MIN 0.223733
TR_VOUT_MAX 0.99632
TR_VOUT_MIN -0.00802161
Note: Simulation executed from .control section 
