Warning: m=xx on .subckt line will override multiplier m hierarchy!

Note: Starting dynamic gmin stepping
Note: Dynamic gmin stepping completed
Note: Starting dynamic gmin stepping
Note: Dynamic gmin stepping completed

Note: Compatibility modes selected: hs a


Circuit: * sg13g2-opamp -- large-signal step (slew-rate) bench, design/opamp_core.sch (issue #12)

Doing analysis at TEMP = -40.000000 and TNOM = 27.000000

Using SPARSE 1.3 as Direct Linear Solver
Warning: Interpolated raw file data!


No. of Data Rows : 1
OP_VOUT 0.58706
OP_VD1 0.593222
OP_VD2 0.388812
OP_VTAIL 0.074807
OP_VIBIAS 0.465627
OP_IVDD 0.000116044
Doing analysis at TEMP = -40.000000 and TNOM = 27.000000

Using SPARSE 1.3 as Direct Linear Solver
Warning: Interpolated raw file data!


Initial Transient Solution
--------------------------

Node                                   Voltage
----                                   -------
d1                                    0.593222
inn                                    0.58706
tail                                  0.074807
vss                                          0
d2                                    0.388812
inp                                        0.6
vdd                                        1.2
ibias                                 0.465627
out                                    0.58706
xcc.1                                  0.58706
nstep                                        0
lbreak#branch                     -3.53769e-14
vstepn#branch                                0
vinp#branch                       -4.70745e-14
vss#branch                         0.000116044
vdd#branch                        -0.000116044

 Reference value :  4.40300e-08 Reference value :  2.40125e-07 Reference value :  4.44625e-07 Reference value :  6.49025e-07
No. of Data Rows : 801
TR_VINN_MAX 0.88706
TR_VINN_MIN 0.28706
TR_VOUT_MAX 1.0856
TR_VOUT_MIN -0.006319
Note: Simulation executed from .control section 
