Warning: m=xx on .subckt line will override multiplier m hierarchy!

Note: Starting dynamic gmin stepping
Note: Dynamic gmin stepping completed
Note: Starting dynamic gmin stepping
Note: Dynamic gmin stepping completed

Note: Compatibility modes selected: hs a


Circuit: * sg13g2-opamp -- large-signal step (slew-rate) bench, design/opamp_core.sch (issue #12)

Doing analysis at TEMP = 27.000000 and TNOM = 27.000000

Using SPARSE 1.3 as Direct Linear Solver
Warning: Interpolated raw file data!


No. of Data Rows : 1
OP_VOUT 0.523986
OP_VD1 0.558578
OP_VD2 0.384829
OP_VTAIL 0.147456
OP_VIBIAS 0.341318
OP_IVDD 0.000106637
Doing analysis at TEMP = 27.000000 and TNOM = 27.000000

Using SPARSE 1.3 as Direct Linear Solver
Warning: Interpolated raw file data!


Initial Transient Solution
--------------------------

Node                                   Voltage
----                                   -------
d1                                    0.558578
inn                                   0.523986
tail                                  0.147456
vss                                          0
d2                                    0.384829
inp                                       0.54
vdd                                       1.08
ibias                                 0.341318
out                                   0.523986
xcc.1                                 0.523986
nstep                                        0
lbreak#branch                     -2.51725e-13
vstepn#branch                                0
vinp#branch                       -3.49052e-13
vss#branch                         0.000106637
vdd#branch                        -0.000106637

 Reference value :  4.19800e-08 Reference value :  2.41775e-07 Reference value :  4.43625e-07 Reference value :  6.55825e-07
No. of Data Rows : 801
TR_VINN_MAX 0.823986
TR_VINN_MIN 0.223986
TR_VOUT_MAX 1.0092
TR_VOUT_MIN -0.00871527
Note: Simulation executed from .control section 
