Warning: m=xx on .subckt line will override multiplier m hierarchy!

Note: Starting dynamic gmin stepping
Note: Dynamic gmin stepping completed
Note: Starting dynamic gmin stepping
Note: Dynamic gmin stepping completed

Note: Compatibility modes selected: hs a


Circuit: * sg13g2-opamp -- large-signal step (slew-rate) bench, design/opamp_core.sch (issue #12)

Doing analysis at TEMP = -40.000000 and TNOM = 27.000000

Using SPARSE 1.3 as Direct Linear Solver
Warning: Interpolated raw file data!


No. of Data Rows : 1
OP_VOUT 0.524745
OP_VD1 0.487601
OP_VD2 0.299539
OP_VTAIL 0.0859062
OP_VIBIAS 0.392554
OP_IVDD 0.000111804
Doing analysis at TEMP = -40.000000 and TNOM = 27.000000

Using SPARSE 1.3 as Direct Linear Solver
Warning: Interpolated raw file data!


Initial Transient Solution
--------------------------

Node                                   Voltage
----                                   -------
d1                                    0.487601
inn                                   0.524745
tail                                 0.0859062
vss                                          0
d2                                    0.299539
inp                                       0.54
vdd                                       1.08
ibias                                 0.392554
out                                   0.524745
xcc.1                                 0.524745
nstep                                        0
lbreak#branch                     -1.39402e-13
vstepn#branch                                0
vinp#branch                       -1.95614e-13
vss#branch                         0.000111804
vdd#branch                        -0.000111804

 Reference value :  1.05275e-07 Reference value :  3.72675e-07 Reference value :  5.75925e-07 Reference value :  7.89175e-07
No. of Data Rows : 801
TR_VINN_MAX 0.824745
TR_VINN_MIN 0.224745
TR_VOUT_MAX 0.999762
TR_VOUT_MIN -0.00670154
Note: Simulation executed from .control section 
