Warning: m=xx on .subckt line will override multiplier m hierarchy!

Note: Starting dynamic gmin stepping
Note: Dynamic gmin stepping completed
Note: Starting dynamic gmin stepping
Note: Dynamic gmin stepping completed

Note: Compatibility modes selected: hs a


Circuit: * sg13g2-opamp -- large-signal step (slew-rate) bench, design/opamp_core.sch (issue #12)

Doing analysis at TEMP = 27.000000 and TNOM = 27.000000

Using SPARSE 1.3 as Direct Linear Solver
Warning: Interpolated raw file data!


No. of Data Rows : 1
OP_VOUT 0.584517
OP_VD1 0.627734
OP_VD2 0.446078
OP_VTAIL 0.155621
OP_VIBIAS 0.38896
OP_IVDD 0.0001097
Doing analysis at TEMP = 27.000000 and TNOM = 27.000000

Using SPARSE 1.3 as Direct Linear Solver
Warning: Interpolated raw file data!


Initial Transient Solution
--------------------------

Node                                   Voltage
----                                   -------
d1                                    0.627734
inn                                   0.584517
tail                                  0.155621
vss                                          0
d2                                    0.446078
inp                                        0.6
vdd                                        1.2
ibias                                  0.38896
out                                   0.584517
xcc.1                                 0.584517
nstep                                        0
lbreak#branch                     -8.71374e-14
vstepn#branch                                0
vinp#branch                       -1.17159e-13
vss#branch                           0.0001097
vdd#branch                          -0.0001097

 Reference value :  4.23300e-08 Reference value :  2.36275e-07 Reference value :  4.32975e-07 Reference value :  6.34925e-07
No. of Data Rows : 801
TR_VINN_MAX 0.884517
TR_VINN_MIN 0.284517
TR_VOUT_MAX 1.11694
TR_VOUT_MIN -0.00855941
Note: Simulation executed from .control section 
