Warning: m=xx on .subckt line will override multiplier m hierarchy!

Note: Starting dynamic gmin stepping
Note: Dynamic gmin stepping completed
Note: Starting dynamic gmin stepping
Note: Dynamic gmin stepping completed

Note: Compatibility modes selected: hs a


Circuit: * sg13g2-opamp -- large-signal step (slew-rate) bench, design/opamp_core.sch (issue #12)

Doing analysis at TEMP = -40.000000 and TNOM = 27.000000

Using SPARSE 1.3 as Direct Linear Solver
Warning: Interpolated raw file data!


No. of Data Rows : 1
OP_VOUT 0.526122
OP_VD1 0.5544
OP_VD2 0.376318
OP_VTAIL 0.11195
OP_VIBIAS 0.368739
OP_IVDD 0.000111806
Doing analysis at TEMP = -40.000000 and TNOM = 27.000000

Using SPARSE 1.3 as Direct Linear Solver
Warning: Interpolated raw file data!


Initial Transient Solution
--------------------------

Node                                   Voltage
----                                   -------
d1                                      0.5544
inn                                   0.526122
tail                                   0.11195
vss                                          0
d2                                    0.376318
inp                                       0.54
vdd                                       1.08
ibias                                 0.368739
out                                   0.526122
xcc.1                                 0.526122
nstep                                        0
lbreak#branch                     -2.19291e-13
vstepn#branch                                0
vinp#branch                        -2.9592e-13
vss#branch                         0.000111806
vdd#branch                        -0.000111806

 Reference value :  4.76300e-08 Reference value :  2.54025e-07 Reference value :  4.64025e-07 Reference value :  6.79275e-07
No. of Data Rows : 801
TR_VINN_MAX 0.826122
TR_VINN_MIN 0.226122
TR_VOUT_MAX 1.0129
TR_VOUT_MIN -0.00690245
Note: Simulation executed from .control section 
