Warning: m=xx on .subckt line will override multiplier m hierarchy!

Note: Starting dynamic gmin stepping
Note: Dynamic gmin stepping completed
Note: Starting dynamic gmin stepping
Note: Dynamic gmin stepping completed

Note: Compatibility modes selected: hs a


Circuit: * sg13g2-opamp -- large-signal step (slew-rate) bench, design/opamp_core.sch (issue #12)

Doing analysis at TEMP = 125.000000 and TNOM = 27.000000

Using SPARSE 1.3 as Direct Linear Solver
Warning: Interpolated raw file data!


No. of Data Rows : 1
OP_VOUT 0.521262
OP_VD1 0.574578
OP_VD2 0.389558
OP_VTAIL 0.137577
OP_VIBIAS 0.370492
OP_IVDD 0.000100557
Doing analysis at TEMP = 125.000000 and TNOM = 27.000000

Using SPARSE 1.3 as Direct Linear Solver
Warning: Interpolated raw file data!


Initial Transient Solution
--------------------------

Node                                   Voltage
----                                   -------
d1                                    0.574578
inn                                   0.521262
tail                                  0.137577
vss                                          0
d2                                    0.389558
inp                                       0.54
vdd                                       1.08
ibias                                 0.370492
out                                   0.521262
xcc.1                                 0.521262
nstep                                        0
lbreak#branch                     -4.90745e-14
vstepn#branch                                0
vinp#branch                       -6.91709e-14
vss#branch                         0.000100557
vdd#branch                        -0.000100557

 Reference value :  5.69250e-08 Reference value :  2.59725e-07 Reference value :  4.64325e-07 Reference value :  6.76325e-07
No. of Data Rows : 801
TR_VINN_MAX 0.821262
TR_VINN_MIN 0.221262
TR_VOUT_MAX 0.99732
TR_VOUT_MIN -0.0111257
Note: Simulation executed from .control section 
