Warning: m=xx on .subckt line will override multiplier m hierarchy!

Note: Starting dynamic gmin stepping
Note: Dynamic gmin stepping completed
Note: Starting dynamic gmin stepping
Note: Dynamic gmin stepping completed

Note: Compatibility modes selected: hs a


Circuit: * sg13g2-opamp -- large-signal step (slew-rate) bench, design/opamp_core.sch (issue #12)

Doing analysis at TEMP = -40.000000 and TNOM = 27.000000

Using SPARSE 1.3 as Direct Linear Solver
Warning: Interpolated raw file data!


No. of Data Rows : 1
OP_VOUT 0.648348
OP_VD1 0.699492
OP_VD2 0.505657
OP_VTAIL 0.128283
OP_VIBIAS 0.465627
OP_IVDD 0.000119655
Doing analysis at TEMP = -40.000000 and TNOM = 27.000000

Using SPARSE 1.3 as Direct Linear Solver
Warning: Interpolated raw file data!


Initial Transient Solution
--------------------------

Node                                   Voltage
----                                   -------
d1                                    0.699492
inn                                   0.648348
tail                                  0.128283
vss                                          0
d2                                    0.505657
inp                                       0.66
vdd                                       1.32
ibias                                 0.465627
out                                   0.648348
xcc.1                                 0.648348
nstep                                        0
lbreak#branch                     -3.90023e-14
vstepn#branch                                0
vinp#branch                       -5.01152e-14
vss#branch                         0.000119655
vdd#branch                        -0.000119655

 Reference value :  2.68300e-08 Reference value :  2.21425e-07 Reference value :  4.29725e-07 Reference value :  6.42975e-07
No. of Data Rows : 801
TR_VINN_MAX 0.948348
TR_VINN_MIN 0.348348
TR_VOUT_MAX 1.19738
TR_VOUT_MIN -0.00656611
Note: Simulation executed from .control section 
