Warning: m=xx on .subckt line will override multiplier m hierarchy!

Note: Starting dynamic gmin stepping
Note: Dynamic gmin stepping completed
Note: Starting dynamic gmin stepping
Note: Dynamic gmin stepping completed

Note: Compatibility modes selected: hs a


Circuit: * sg13g2-opamp -- large-signal step (slew-rate) bench, design/opamp_core.sch (issue #12)

Doing analysis at TEMP = -40.000000 and TNOM = 27.000000

Using SPARSE 1.3 as Direct Linear Solver
Warning: Interpolated raw file data!


No. of Data Rows : 1
OP_VOUT 0.647081
OP_VD1 0.710969
OP_VD2 0.533036
OP_VTAIL 0.197226
OP_VIBIAS 0.392554
OP_IVDD 0.00011836
Doing analysis at TEMP = -40.000000 and TNOM = 27.000000

Using SPARSE 1.3 as Direct Linear Solver
Warning: Interpolated raw file data!


Initial Transient Solution
--------------------------

Node                                   Voltage
----                                   -------
d1                                    0.710969
inn                                   0.647081
tail                                  0.197226
vss                                          0
d2                                    0.533036
inp                                       0.66
vdd                                       1.32
ibias                                 0.392554
out                                   0.647081
xcc.1                                 0.647081
nstep                                        0
lbreak#branch                     -1.47866e-13
vstepn#branch                                0
vinp#branch                       -1.94628e-13
vss#branch                          0.00011836
vdd#branch                         -0.00011836

 Reference value :  4.30300e-08 Reference value :  2.28275e-07 Reference value :  4.25675e-07 Reference value :  6.25625e-07
No. of Data Rows : 801
TR_VINN_MAX 0.947081
TR_VINN_MIN 0.347081
TR_VOUT_MAX 1.23824
TR_VOUT_MIN -0.00719936
Note: Simulation executed from .control section 
