Warning: m=xx on .subckt line will override multiplier m hierarchy!

Note: Starting dynamic gmin stepping
Note: Dynamic gmin stepping completed

Note: Compatibility modes selected: hs a


Circuit: * sg13g2-opamp -- input common-mode range (icmr) bench, design/opamp_core.sch (issue #21)

Doing analysis at TEMP = -40.000000 and TNOM = 27.000000

Using SPARSE 1.3 as Direct Linear Solver
 Reference value :  0.00000e+00Note: Starting dynamic gmin stepping
Note: Dynamic gmin stepping completed

No. of Data Rows : 1
OP_VOUT 0.0138642
OP_TAIL 0.186077
OP_VD1 0.736502
OP_VD2 0.736507
OP_VIBIAS 0.416365
OP_IVDD 3.4592E-05
Doing analysis at TEMP = -40.000000 and TNOM = 27.000000

Using SPARSE 1.3 as Direct Linear Solver

No. of Data Rows : 97
Note: Simulation executed from .control section 
