Warning: m=xx on .subckt line will override multiplier m hierarchy!

Note: Starting dynamic gmin stepping
Note: Dynamic gmin stepping completed

Note: Compatibility modes selected: hs a


Circuit: * sg13g2-opamp -- input common-mode range (icmr) bench, design/opamp_core.sch (issue #21)

Doing analysis at TEMP = -40.000000 and TNOM = 27.000000

Using SPARSE 1.3 as Direct Linear Solver
 Reference value :  0.00000e+00Note: Starting dynamic gmin stepping
Note: Dynamic gmin stepping completed

No. of Data Rows : 1
OP_VOUT 0.00760061
OP_TAIL 0.0594597
OP_VD1 0.553574
OP_VD2 0.55358
OP_VIBIAS 0.440982
OP_IVDD 2.52533E-05
Doing analysis at TEMP = -40.000000 and TNOM = 27.000000

Using SPARSE 1.3 as Direct Linear Solver

No. of Data Rows : 197
Note: Simulation executed from .control section 
