Warning: m=xx on .subckt line will override multiplier m hierarchy!

Note: Starting dynamic gmin stepping
Note: Dynamic gmin stepping completed

Note: Compatibility modes selected: hs a


Circuit: * sg13g2-opamp -- input common-mode range (icmr) bench, design/opamp_core.sch (issue #21)

Doing analysis at TEMP = -40.000000 and TNOM = 27.000000

Using SPARSE 1.3 as Direct Linear Solver
 Reference value :  0.00000e+00Note: Starting dynamic gmin stepping
Note: Dynamic gmin stepping completed

No. of Data Rows : 1
OP_VOUT 0.0124482
OP_TAIL 0.130536
OP_VD1 0.622394
OP_VD2 0.622399
OP_VIBIAS 0.416365
OP_IVDD 3.25757E-05
Doing analysis at TEMP = -40.000000 and TNOM = 27.000000

Using SPARSE 1.3 as Direct Linear Solver

No. of Data Rows : 97
Note: Simulation executed from .control section 
