Warning: m=xx on .subckt line will override multiplier m hierarchy!

Note: Starting dynamic gmin stepping
Note: Dynamic gmin stepping completed
Note: Starting dynamic gmin stepping
Note: Dynamic gmin stepping completed

Note: Compatibility modes selected: hs a


Circuit: * sg13g2-opamp -- input common-mode range (icmr) bench, design/opamp_core.sch (issue #21)

Doing analysis at TEMP = -40.000000 and TNOM = 27.000000

Using SPARSE 1.3 as Direct Linear Solver

No. of Data Rows : 1
OP_VOUT 0.00450154
OP_TAIL 0.0401224
OP_VD1 0.50242
OP_VD2 0.502422
OP_VIBIAS 0.465627
OP_IVDD 2.02285E-05
Doing analysis at TEMP = -40.000000 and TNOM = 27.000000

Using SPARSE 1.3 as Direct Linear Solver
 Reference value :  5.00000e-02
No. of Data Rows : 197
Note: Simulation executed from .control section 
