Warning: m=xx on .subckt line will override multiplier m hierarchy!

Note: Starting dynamic gmin stepping
Note: Dynamic gmin stepping completed

Note: Compatibility modes selected: hs a


Circuit: * sg13g2-opamp -- input common-mode range (icmr) bench, design/opamp_core.sch (issue #21)

Doing analysis at TEMP = 27.000000 and TNOM = 27.000000

Using SPARSE 1.3 as Direct Linear Solver
 Reference value :  0.00000e+00Note: Starting dynamic gmin stepping
Note: Dynamic gmin stepping completed

No. of Data Rows : 1
OP_VOUT 0.0191488
OP_TAIL 0.17275
OP_VD1 0.698725
OP_VD2 0.698728
OP_VIBIAS 0.438845
OP_IVDD 3.63288E-05
Doing analysis at TEMP = 27.000000 and TNOM = 27.000000

Using SPARSE 1.3 as Direct Linear Solver

No. of Data Rows : 97
Note: Simulation executed from .control section 
